
Running 5 tests using 1 worker

[1A[2K[1/5] [chromium] 鈥?e2e\qr-modal.spec.ts:8:3 鈥?绀句氦濯掍綋浜岀淮鐮佸脊绐?鈥?鍦ㄥ钩鍙扮煩闃靛尯鍩熺偣鍑诲井淇″叕浼楀彿搴斿敜璧峰脊绐楀苟鏄剧ず姝ｇ‘鍐呭
[1A[2K  1) [chromium] 鈥?e2e\qr-modal.spec.ts:8:3 鈥?绀句氦濯掍綋浜岀淮鐮佸脊绐?鈥?鍦ㄥ钩鍙扮煩闃靛尯鍩熺偣鍑诲井淇″叕浼楀彿搴斿敜璧峰脊绐楀苟鏄剧ず姝ｇ‘鍐呭 鈹€鈹€鈹€鈹€鈹€鈹€鈹€鈹€鈹€鈹€鈹€鈹€鈹€鈹€鈹€鈹€

    [31mTest timeout of 30000ms exceeded.[39m

    Error: locator.click: Test timeout of 30000ms exceeded.
    Call log:
    [2m  - waiting for locator('#social-qr-backdrop')[22m
    [2m    - locator resolved to <div tabindex="-1" aria-hidden="true" id="social-qr-backdrop" class="social-qr-backdrop" data-astro-cid-s7maycix="" data-astro-source-loc="11:4" data-astro-source-file="D:/Project/GithubPage_PerBrand/src/components/ui/SocialQRModal.astro"></div>[22m
    [2m  - attempting click action[22m
    [2m    2 脳 waiting for element to be visible, enabled and stable[22m
    [2m      - element is visible, enabled and stable[22m
    [2m      - scrolling into view if needed[22m
    [2m      - done scrolling[22m
    [2m      - <img alt="浜岀淮鐮? id="social-qr-img" class="social-qr-image" data-astro-cid-s7maycix="" data-astro-source-loc="26:8" src="/images/social/wechat-oa-qr.jpg" data-astro-source-file="D:/Project/GithubPage_PerBrand/src/components/ui/SocialQRModal.astro"/> from <div role="document" data-astro-cid-s7maycix="" class="social-qr-container" data-astro-source-loc="12:52" data-astro-source-file="D:/Project/GithubPage_PerBrand/src/components/ui/SocialQRModal.astro">鈥?/div> subtree intercepts pointer events[22m
    [2m    - retrying click action[22m
    [2m    - waiting 20ms[22m
    [2m    2 脳 waiting for element to be visible, enabled and stable[22m
    [2m      - element is visible, enabled and stable[22m
    [2m      - scrolling into view if needed[22m
    [2m      - done scrolling[22m
    [2m      - <img alt="浜岀淮鐮? id="social-qr-img" class="social-qr-image" data-astro-cid-s7maycix="" data-astro-source-loc="26:8" src="/images/social/wechat-oa-qr.jpg" data-astro-source-file="D:/Project/GithubPage_PerBrand/src/components/ui/SocialQRModal.astro"/> from <div role="document" data-astro-cid-s7maycix="" class="social-qr-container" data-astro-source-loc="12:52" data-astro-source-file="D:/Project/GithubPage_PerBrand/src/components/ui/SocialQRModal.astro">鈥?/div> subtree intercepts pointer events[22m
    [2m    - retrying click action[22m
    [2m      - waiting 100ms[22m
    [2m    29 脳 waiting for element to be visible, enabled and stable[22m
    [2m       - element is visible, enabled and stable[22m
    [2m       - scrolling into view if needed[22m
    [2m       - done scrolling[22m
    [2m       - <img alt="浜岀淮鐮? id="social-qr-img" class="social-qr-image" data-astro-cid-s7maycix="" data-astro-source-loc="26:8" src="/images/social/wechat-oa-qr.jpg" data-astro-source-file="D:/Project/GithubPage_PerBrand/src/components/ui/SocialQRModal.astro"/> from <div role="document" data-astro-cid-s7maycix="" class="social-qr-container" data-astro-source-loc="12:52" data-astro-source-file="D:/Project/GithubPage_PerBrand/src/components/ui/SocialQRModal.astro">鈥?/div> subtree intercepts pointer events[22m
    [2m     - retrying click action[22m
    [2m       - waiting 500ms[22m
    [2m    - waiting for" http://localhost:4321/" navigation to finish...[22m
    [2m    - navigated to "http://localhost:4321/"[22m
    [2m    - waiting for element to be visible, enabled and stable[22m
    [2m  - element was detached from the DOM, retrying[22m
    [2m    - locator resolved to <div tabindex="-1" aria-hidden="true" id="social-qr-backdrop" class="social-qr-backdrop" data-astro-cid-s7maycix="" data-astro-source-loc="11:4" data-astro-source-file="D:/Project/GithubPage_PerBrand/src/components/ui/SocialQRModal.astro"></div>[22m
    [2m  - attempting click action[22m
    [2m    2 脳 waiting for element to be visible, enabled and stable[22m
    [2m      - element is not visible[22m
    [2m    - retrying click action[22m
    [2m    - waiting 20ms[22m
    [2m    2 脳 waiting for element to be visible, enabled and stable[22m
    [2m      - element is not visible[22m
    [2m    - retrying click action[22m
    [2m      - waiting 100ms[22m
    [2m    21 脳 waiting for element to be visible, enabled and stable[22m
    [2m       - element is not visible[22m
    [2m     - retrying click action[22m
    [2m       - waiting 500ms[22m


      18 |     
      19 |     // 鍏抽棴寮圭獥锛堢偣鍑婚伄缃╋級
    > 20 |     await page.locator('#social-qr-backdrop').click();
         |                                               ^
      21 |     await expect(modal).toHaveAttribute('aria-hidden', 'true');
      22 |   });
      23 |
        at D:\Project\GithubPage_PerBrand\e2e\qr-modal.spec.ts:20:47

    Error Context: test-results\qr-modal-绀句氦濯掍綋浜岀淮鐮佸脊绐?鍦ㄥ钩鍙扮煩闃靛尯鍩熺偣鍑诲井淇″叕浼楀彿搴斿敜璧峰脊绐楀苟鏄剧ず姝ｇ‘鍐呭-chromium\error-context.md


[1A[2K[2/5] [chromium] 鈥?e2e\qr-modal.spec.ts:24:3 鈥?绀句氦濯掍綋浜岀淮鐮佸脊绐?鈥?鍦ㄥ钩鍙扮煩闃靛尯鍩熺偣鍑诲皬绾功搴斿敜璧峰脊绐楀苟鏇存柊鍐呭
[1A[2K[3/5] [chromium] 鈥?e2e\qr-modal.spec.ts:38:3 鈥?绀句氦濯掍綋浜岀淮鐮佸脊绐?鈥?鍦ㄩ〉鑴氬尯鍩熺偣鍑绘姈闊冲簲鍞よ捣寮圭獥
[1A[2K[4/5] [chromium] 鈥?e2e\qr-modal.spec.ts:50:3 鈥?绀句氦濯掍綋浜岀淮鐮佸脊绐?鈥?鍦?CTA 鍖哄煙鐐瑰嚮鍥炬爣搴斿敜璧峰脊绐?[1A[2K[5/5] [chromium] 鈥?e2e\qr-modal.spec.ts:60:3 鈥?绀句氦濯掍綋浜岀淮鐮佸脊绐?鈥?鎸変笅 Esc 閿簲鑳藉叧闂脊绐?[1A[2K  1 failed
    [chromium] 鈥?e2e\qr-modal.spec.ts:8:3 鈥?绀句氦濯掍綋浜岀淮鐮佸脊绐?鈥?鍦ㄥ钩鍙扮煩闃靛尯鍩熺偣鍑诲井淇″叕浼楀彿搴斿敜璧峰脊绐楀苟鏄剧ず姝ｇ‘鍐呭 鈹€鈹€鈹€鈹€鈹€鈹€鈹€鈹€鈹€鈹€鈹€鈹€鈹€鈹€鈹€鈹€鈹€
  4 passed (37.7s)

[36m  Serving HTML report at http://localhost:59928. Press Ctrl+C to quit.[39m
